// Jest Snapshot v1, https://goo.gl/fbAQLP

exports[`Question Component renders correctly 1`] = `
<div
  className="MuiPaper-root-2 MuiPaper-elevation1-5 MuiPaper-rounded-3 questionComponent-root-1"
>
  <h3
    className="MuiTypography-root-29 MuiTypography-h5-45"
  >
    Title of question
  </h3>
  <p
    className="MuiTypography-root-29 MuiTypography-body1-38"
  >
    Label of question
  </p>
</div>
`;
